Archive member included to satisfy reference by file (symbol)

f:/logiciels/atmelstudio/7.0/toolchain/avr8/avr8-gnu-toolchain/bin/../lib/gcc/avr/5.4.0/../../../../avr/lib/avr5\libm.a(addsf3.o)
                              vehicule.o (__addsf3)
f:/logiciels/atmelstudio/7.0/toolchain/avr8/avr8-gnu-toolchain/bin/../lib/gcc/avr/5.4.0/../../../../avr/lib/avr5\libm.a(addsf3x.o)
                              f:/logiciels/atmelstudio/7.0/toolchain/avr8/avr8-gnu-toolchain/bin/../lib/gcc/avr/5.4.0/../../../../avr/lib/avr5\libm.a(addsf3.o) (__addsf3x)
f:/logiciels/atmelstudio/7.0/toolchain/avr8/avr8-gnu-toolchain/bin/../lib/gcc/avr/5.4.0/../../../../avr/lib/avr5\libm.a(fixsfsi.o)
                              vehicule.o (__fixsfsi)
f:/logiciels/atmelstudio/7.0/toolchain/avr8/avr8-gnu-toolchain/bin/../lib/gcc/avr/5.4.0/../../../../avr/lib/avr5\libm.a(fixunssfsi.o)
                              f:/logiciels/atmelstudio/7.0/toolchain/avr8/avr8-gnu-toolchain/bin/../lib/gcc/avr/5.4.0/../../../../avr/lib/avr5\libm.a(fixsfsi.o) (__fixunssfsi)
f:/logiciels/atmelstudio/7.0/toolchain/avr8/avr8-gnu-toolchain/bin/../lib/gcc/avr/5.4.0/../../../../avr/lib/avr5\libm.a(floatsisf.o)
                              vehicule.o (__floatunsisf)
f:/logiciels/atmelstudio/7.0/toolchain/avr8/avr8-gnu-toolchain/bin/../lib/gcc/avr/5.4.0/../../../../avr/lib/avr5\libm.a(fp_inf.o)
                              f:/logiciels/atmelstudio/7.0/toolchain/avr8/avr8-gnu-toolchain/bin/../lib/gcc/avr/5.4.0/../../../../avr/lib/avr5\libm.a(addsf3x.o) (__fp_inf)
f:/logiciels/atmelstudio/7.0/toolchain/avr8/avr8-gnu-toolchain/bin/../lib/gcc/avr/5.4.0/../../../../avr/lib/avr5\libm.a(fp_nan.o)
                              f:/logiciels/atmelstudio/7.0/toolchain/avr8/avr8-gnu-toolchain/bin/../lib/gcc/avr/5.4.0/../../../../avr/lib/avr5\libm.a(addsf3x.o) (__fp_nan)
f:/logiciels/atmelstudio/7.0/toolchain/avr8/avr8-gnu-toolchain/bin/../lib/gcc/avr/5.4.0/../../../../avr/lib/avr5\libm.a(fp_pscA.o)
                              f:/logiciels/atmelstudio/7.0/toolchain/avr8/avr8-gnu-toolchain/bin/../lib/gcc/avr/5.4.0/../../../../avr/lib/avr5\libm.a(addsf3x.o) (__fp_pscA)
f:/logiciels/atmelstudio/7.0/toolchain/avr8/avr8-gnu-toolchain/bin/../lib/gcc/avr/5.4.0/../../../../avr/lib/avr5\libm.a(fp_pscB.o)
                              f:/logiciels/atmelstudio/7.0/toolchain/avr8/avr8-gnu-toolchain/bin/../lib/gcc/avr/5.4.0/../../../../avr/lib/avr5\libm.a(addsf3x.o) (__fp_pscB)
f:/logiciels/atmelstudio/7.0/toolchain/avr8/avr8-gnu-toolchain/bin/../lib/gcc/avr/5.4.0/../../../../avr/lib/avr5\libm.a(fp_round.o)
                              f:/logiciels/atmelstudio/7.0/toolchain/avr8/avr8-gnu-toolchain/bin/../lib/gcc/avr/5.4.0/../../../../avr/lib/avr5\libm.a(addsf3.o) (__fp_round)
f:/logiciels/atmelstudio/7.0/toolchain/avr8/avr8-gnu-toolchain/bin/../lib/gcc/avr/5.4.0/../../../../avr/lib/avr5\libm.a(fp_split3.o)
                              f:/logiciels/atmelstudio/7.0/toolchain/avr8/avr8-gnu-toolchain/bin/../lib/gcc/avr/5.4.0/../../../../avr/lib/avr5\libm.a(addsf3x.o) (__fp_split3)
f:/logiciels/atmelstudio/7.0/toolchain/avr8/avr8-gnu-toolchain/bin/../lib/gcc/avr/5.4.0/../../../../avr/lib/avr5\libm.a(fp_zero.o)
                              f:/logiciels/atmelstudio/7.0/toolchain/avr8/avr8-gnu-toolchain/bin/../lib/gcc/avr/5.4.0/../../../../avr/lib/avr5\libm.a(addsf3x.o) (__fp_zero)
f:/logiciels/atmelstudio/7.0/toolchain/avr8/avr8-gnu-toolchain/bin/../lib/gcc/avr/5.4.0/../../../../avr/lib/avr5\libm.a(mulsf3.o)
                              vehicule.o (__mulsf3)
f:/logiciels/atmelstudio/7.0/toolchain/avr8/avr8-gnu-toolchain/bin/../lib/gcc/avr/5.4.0/../../../../avr/lib/avr5\libm.a(mulsf3x.o)
                              f:/logiciels/atmelstudio/7.0/toolchain/avr8/avr8-gnu-toolchain/bin/../lib/gcc/avr/5.4.0/../../../../avr/lib/avr5\libm.a(mulsf3.o) (__mulsf3x)
f:/logiciels/atmelstudio/7.0/toolchain/avr8/avr8-gnu-toolchain/bin/../lib/gcc/avr/5.4.0/avr5\libgcc.a(_udivmodqi4.o)
                              utils.o (__udivmodqi4)
f:/logiciels/atmelstudio/7.0/toolchain/avr8/avr8-gnu-toolchain/bin/../lib/gcc/avr/5.4.0/avr5\libgcc.a(_udivmodhi4.o)
                              utils.o (__udivmodhi4)
f:/logiciels/atmelstudio/7.0/toolchain/avr8/avr8-gnu-toolchain/bin/../lib/gcc/avr/5.4.0/avr5\libgcc.a(_udivmodsi4.o)
                              utils.o (__udivmodsi4)
f:/logiciels/atmelstudio/7.0/toolchain/avr8/avr8-gnu-toolchain/bin/../lib/gcc/avr/5.4.0/avr5\libgcc.a(_exit.o)
                              F:/Logiciels/AtmelStudio/7.0/Packs/atmel/ATmega_DFP/1.6.364/gcc/dev/atmega324a/avr5/crtatmega324a.o (exit)
f:/logiciels/atmelstudio/7.0/toolchain/avr8/avr8-gnu-toolchain/bin/../lib/gcc/avr/5.4.0/avr5\libgcc.a(_tablejump2.o)
                              lcd.o (__tablejump2__)
f:/logiciels/atmelstudio/7.0/toolchain/avr8/avr8-gnu-toolchain/bin/../lib/gcc/avr/5.4.0/avr5\libgcc.a(_copy_data.o)
                              main.o (__do_copy_data)
f:/logiciels/atmelstudio/7.0/toolchain/avr8/avr8-gnu-toolchain/bin/../lib/gcc/avr/5.4.0/avr5\libgcc.a(_clear_bss.o)
                              lcd.o (__do_clear_bss)
f:/logiciels/atmelstudio/7.0/toolchain/avr8/avr8-gnu-toolchain/bin/../lib/gcc/avr/5.4.0/avr5\libgcc.a(_umulhisi3.o)
                              utils.o (__umulhisi3)
f:/logiciels/atmelstudio/7.0/toolchain/avr8/avr8-gnu-toolchain/bin/../lib/gcc/avr/5.4.0/avr5\libgcc.a(_muluhisi3.o)
                              utils.o (__muluhisi3)
f:/logiciels/atmelstudio/7.0/toolchain/avr8/avr8-gnu-toolchain/bin/../lib/gcc/avr/5.4.0/../../../../avr/lib/avr5\libc.a(sprintf.o)
                              main.o (sprintf)
f:/logiciels/atmelstudio/7.0/toolchain/avr8/avr8-gnu-toolchain/bin/../lib/gcc/avr/5.4.0/../../../../avr/lib/avr5\libc.a(sscanf.o)
                              main.o (sscanf)
f:/logiciels/atmelstudio/7.0/toolchain/avr8/avr8-gnu-toolchain/bin/../lib/gcc/avr/5.4.0/../../../../avr/lib/avr5\libc.a(vfprintf_std.o)
                              f:/logiciels/atmelstudio/7.0/toolchain/avr8/avr8-gnu-toolchain/bin/../lib/gcc/avr/5.4.0/../../../../avr/lib/avr5\libc.a(sprintf.o) (vfprintf)
f:/logiciels/atmelstudio/7.0/toolchain/avr8/avr8-gnu-toolchain/bin/../lib/gcc/avr/5.4.0/../../../../avr/lib/avr5\libc.a(vfscanf_std.o)
                              f:/logiciels/atmelstudio/7.0/toolchain/avr8/avr8-gnu-toolchain/bin/../lib/gcc/avr/5.4.0/../../../../avr/lib/avr5\libc.a(sscanf.o) (vfscanf)
f:/logiciels/atmelstudio/7.0/toolchain/avr8/avr8-gnu-toolchain/bin/../lib/gcc/avr/5.4.0/../../../../avr/lib/avr5\libc.a(isspace.o)
                              f:/logiciels/atmelstudio/7.0/toolchain/avr8/avr8-gnu-toolchain/bin/../lib/gcc/avr/5.4.0/../../../../avr/lib/avr5\libc.a(vfscanf_std.o) (isspace)
f:/logiciels/atmelstudio/7.0/toolchain/avr8/avr8-gnu-toolchain/bin/../lib/gcc/avr/5.4.0/../../../../avr/lib/avr5\libc.a(strchr_P.o)
                              f:/logiciels/atmelstudio/7.0/toolchain/avr8/avr8-gnu-toolchain/bin/../lib/gcc/avr/5.4.0/../../../../avr/lib/avr5\libc.a(vfscanf_std.o) (strchr_P)
f:/logiciels/atmelstudio/7.0/toolchain/avr8/avr8-gnu-toolchain/bin/../lib/gcc/avr/5.4.0/../../../../avr/lib/avr5\libc.a(strnlen_P.o)
                              f:/logiciels/atmelstudio/7.0/toolchain/avr8/avr8-gnu-toolchain/bin/../lib/gcc/avr/5.4.0/../../../../avr/lib/avr5\libc.a(vfprintf_std.o) (strnlen_P)
f:/logiciels/atmelstudio/7.0/toolchain/avr8/avr8-gnu-toolchain/bin/../lib/gcc/avr/5.4.0/../../../../avr/lib/avr5\libc.a(strnlen.o)
                              f:/logiciels/atmelstudio/7.0/toolchain/avr8/avr8-gnu-toolchain/bin/../lib/gcc/avr/5.4.0/../../../../avr/lib/avr5\libc.a(vfprintf_std.o) (strnlen)
f:/logiciels/atmelstudio/7.0/toolchain/avr8/avr8-gnu-toolchain/bin/../lib/gcc/avr/5.4.0/../../../../avr/lib/avr5\libc.a(fgetc.o)
                              f:/logiciels/atmelstudio/7.0/toolchain/avr8/avr8-gnu-toolchain/bin/../lib/gcc/avr/5.4.0/../../../../avr/lib/avr5\libc.a(vfscanf_std.o) (fgetc)
f:/logiciels/atmelstudio/7.0/toolchain/avr8/avr8-gnu-toolchain/bin/../lib/gcc/avr/5.4.0/../../../../avr/lib/avr5\libc.a(fputc.o)
                              f:/logiciels/atmelstudio/7.0/toolchain/avr8/avr8-gnu-toolchain/bin/../lib/gcc/avr/5.4.0/../../../../avr/lib/avr5\libc.a(vfprintf_std.o) (fputc)
f:/logiciels/atmelstudio/7.0/toolchain/avr8/avr8-gnu-toolchain/bin/../lib/gcc/avr/5.4.0/../../../../avr/lib/avr5\libc.a(ungetc.o)
                              f:/logiciels/atmelstudio/7.0/toolchain/avr8/avr8-gnu-toolchain/bin/../lib/gcc/avr/5.4.0/../../../../avr/lib/avr5\libc.a(vfscanf_std.o) (ungetc)
f:/logiciels/atmelstudio/7.0/toolchain/avr8/avr8-gnu-toolchain/bin/../lib/gcc/avr/5.4.0/../../../../avr/lib/avr5\libc.a(ultoa_invert.o)
                              f:/logiciels/atmelstudio/7.0/toolchain/avr8/avr8-gnu-toolchain/bin/../lib/gcc/avr/5.4.0/../../../../avr/lib/avr5\libc.a(vfprintf_std.o) (__ultoa_invert)
f:/logiciels/atmelstudio/7.0/toolchain/avr8/avr8-gnu-toolchain/bin/../lib/gcc/avr/5.4.0/../../../../avr/lib/avr5\libc.a(cty_isfalse.o)
                              f:/logiciels/atmelstudio/7.0/toolchain/avr8/avr8-gnu-toolchain/bin/../lib/gcc/avr/5.4.0/../../../../avr/lib/avr5\libc.a(isspace.o) (__ctype_isfalse)
f:/logiciels/atmelstudio/7.0/toolchain/avr8/avr8-gnu-toolchain/bin/../lib/gcc/avr/5.4.0/avr5\libgcc.a(_prologue.o)
                              f:/logiciels/atmelstudio/7.0/toolchain/avr8/avr8-gnu-toolchain/bin/../lib/gcc/avr/5.4.0/../../../../avr/lib/avr5\libc.a(sprintf.o) (__prologue_saves__)
f:/logiciels/atmelstudio/7.0/toolchain/avr8/avr8-gnu-toolchain/bin/../lib/gcc/avr/5.4.0/avr5\libgcc.a(_epilogue.o)
                              f:/logiciels/atmelstudio/7.0/toolchain/avr8/avr8-gnu-toolchain/bin/../lib/gcc/avr/5.4.0/../../../../avr/lib/avr5\libc.a(sprintf.o) (__epilogue_restores__)

Discarded input sections

 .data          0x00000000        0x0 F:/Logiciels/AtmelStudio/7.0/Packs/atmel/ATmega_DFP/1.6.364/gcc/dev/atmega324a/avr5/crtatmega324a.o
 .bss           0x00000000        0x0 F:/Logiciels/AtmelStudio/7.0/Packs/atmel/ATmega_DFP/1.6.364/gcc/dev/atmega324a/avr5/crtatmega324a.o
 .text          0x00000000        0x0 driver.o
 .data          0x00000000        0x0 driver.o
 .bss           0x00000000        0x0 driver.o
 .text.adc_init
                0x00000000       0x52 driver.o
 .text.adc_read
                0x00000000       0x30 driver.o
 .text.pwm1_set_PD4
                0x00000000        0xa driver.o
 .text          0x00000000        0x0 fifo.o
 .data          0x00000000        0x0 fifo.o
 .bss           0x00000000        0x0 fifo.o
 .text.fifo_clean
                0x00000000       0x10 fifo.o
 .text.fifo_is_full
                0x00000000        0x6 fifo.o
 .text.fifo_nb_line
                0x00000000        0x8 fifo.o
 .text          0x00000000        0x0 lcd.o
 .data          0x00000000        0x0 lcd.o
 .bss           0x00000000        0x0 lcd.o
 .text.hd44780_shift_cursor
                0x00000000       0x1e lcd.o
 .text          0x00000000        0x0 main.o
 .data          0x00000000        0x0 main.o
 .bss           0x00000000        0x0 main.o
 .text          0x00000000        0x0 uart.o
 .data          0x00000000        0x0 uart.o
 .bss           0x00000000        0x0 uart.o
 .text.enable_UDRE_interupt
                0x00000000       0x22 uart.o
 .text.uart_put_byte
                0x00000000       0x2e uart.o
 .text.uart_put_string
                0x00000000       0x9a uart.o
 .text.uart_clean_rx_buffer
                0x00000000       0x16 uart.o
 .text.uart_is_tx_buffer_empty
                0x00000000       0x16 uart.o
 .text.uart_flush
                0x00000000       0x12 uart.o
 .text.uart_rx_buffer_nb_line
                0x00000000       0x16 uart.o
 .text.uart_get_line
                0x00000000       0x9c uart.o
 .rodata.tx_fifo_list
                0x00000000        0x4 uart.o
 .text          0x00000000        0x0 utils.o
 .data          0x00000000        0x0 utils.o
 .bss           0x00000000        0x0 utils.o
 .text.mem_copy
                0x00000000       0x2a utils.o
 .text.string_length
                0x00000000       0x16 utils.o
 .text.char_to_uint
                0x00000000        0xa utils.o
 .text.string_to_uint
                0x00000000       0x98 utils.o
 .text.char_array_to_uint
                0x00000000       0x94 utils.o
 .text.hex_char_to_uint
                0x00000000       0x1c utils.o
 .text.hex_string_to_uint
                0x00000000       0x78 utils.o
 .text.hex_char_array_to_uint
                0x00000000       0x74 utils.o
 .text.uint_to_char
                0x00000000        0xc utils.o
 .text.uint_to_hex_char
                0x00000000       0x18 utils.o
 .text.uint8_to_string
                0x00000000       0x68 utils.o
 .text.uint16_to_string
                0x00000000       0x86 utils.o
 .text.uint32_to_string
                0x00000000       0xb2 utils.o
 .text.uint8_to_hex_string
                0x00000000       0x2c utils.o
 .text.uint16_to_hex_string
                0x00000000       0x50 utils.o
 .text.uint32_to_hex_string
                0x00000000       0xc2 utils.o
 .text.int8_to_string
                0x00000000       0x22 utils.o
 .text.int16_to_string
                0x00000000       0x2c utils.o
 .text.int32_to_string
                0x00000000       0x3e utils.o
 .text          0x00000000        0x0 vehicule.o
 .data          0x00000000        0x0 vehicule.o
 .bss           0x00000000        0x0 vehicule.o
 .text.driverServoMoteur
                0x00000000        0x2 vehicule.o
 .text          0x00000000        0x0 f:/logiciels/atmelstudio/7.0/toolchain/avr8/avr8-gnu-toolchain/bin/../lib/gcc/avr/5.4.0/../../../../avr/lib/avr5\libm.a(addsf3.o)
 .data          0x00000000        0x0 f:/logiciels/atmelstudio/7.0/toolchain/avr8/avr8-gnu-toolchain/bin/../lib/gcc/avr/5.4.0/../../../../avr/lib/avr5\libm.a(addsf3.o)
 .bss           0x00000000        0x0 f:/logiciels/atmelstudio/7.0/toolchain/avr8/avr8-gnu-toolchain/bin/../lib/gcc/avr/5.4.0/../../../../avr/lib/avr5\libm.a(addsf3.o)
 .text          0x00000000        0x0 f:/logiciels/atmelstudio/7.0/toolchain/avr8/avr8-gnu-toolchain/bin/../lib/gcc/avr/5.4.0/../../../../avr/lib/avr5\libm.a(addsf3x.o)
 .data          0x00000000        0x0 f:/logiciels/atmelstudio/7.0/toolchain/avr8/avr8-gnu-toolchain/bin/../lib/gcc/avr/5.4.0/../../../../avr/lib/avr5\libm.a(addsf3x.o)
 .bss           0x00000000        0x0 f:/logiciels/atmelstudio/7.0/toolchain/avr8/avr8-gnu-toolchain/bin/../lib/gcc/avr/5.4.0/../../../../avr/lib/avr5\libm.a(addsf3x.o)
 .text          0x00000000        0x0 f:/logiciels/atmelstudio/7.0/toolchain/avr8/avr8-gnu-toolchain/bin/../lib/gcc/avr/5.4.0/../../../../avr/lib/avr5\libm.a(fixsfsi.o)
 .data          0x00000000        0x0 f:/logiciels/atmelstudio/7.0/toolchain/avr8/avr8-gnu-toolchain/bin/../lib/gcc/avr/5.4.0/../../../../avr/lib/avr5\libm.a(fixsfsi.o)
 .bss           0x00000000        0x0 f:/logiciels/atmelstudio/7.0/toolchain/avr8/avr8-gnu-toolchain/bin/../lib/gcc/avr/5.4.0/../../../../avr/lib/avr5\libm.a(fixsfsi.o)
 .text          0x00000000        0x0 f:/logiciels/atmelstudio/7.0/toolchain/avr8/avr8-gnu-toolchain/bin/../lib/gcc/avr/5.4.0/../../../../avr/lib/avr5\libm.a(fixunssfsi.o)
 .data          0x00000000        0x0 f:/logiciels/atmelstudio/7.0/toolchain/avr8/avr8-gnu-toolchain/bin/../lib/gcc/avr/5.4.0/../../../../avr/lib/avr5\libm.a(fixunssfsi.o)
 .bss           0x00000000        0x0 f:/logiciels/atmelstudio/7.0/toolchain/avr8/avr8-gnu-toolchain/bin/../lib/gcc/avr/5.4.0/../../../../avr/lib/avr5\libm.a(fixunssfsi.o)
 .text          0x00000000        0x0 f:/logiciels/atmelstudio/7.0/toolchain/avr8/avr8-gnu-toolchain/bin/../lib/gcc/avr/5.4.0/../../../../avr/lib/avr5\libm.a(floatsisf.o)
 .data          0x00000000        0x0 f:/logiciels/atmelstudio/7.0/toolchain/avr8/avr8-gnu-toolchain/bin/../lib/gcc/avr/5.4.0/../../../../avr/lib/avr5\libm.a(floatsisf.o)
 .bss           0x00000000        0x0 f:/logiciels/atmelstudio/7.0/toolchain/avr8/avr8-gnu-toolchain/bin/../lib/gcc/avr/5.4.0/../../../../avr/lib/avr5\libm.a(floatsisf.o)
 .text          0x00000000        0x0 f:/logiciels/atmelstudio/7.0/toolchain/avr8/avr8-gnu-toolchain/bin/../lib/gcc/avr/5.4.0/../../../../avr/lib/avr5\libm.a(fp_inf.o)
 .data          0x00000000        0x0 f:/logiciels/atmelstudio/7.0/toolchain/avr8/avr8-gnu-toolchain/bin/../lib/gcc/avr/5.4.0/../../../../avr/lib/avr5\libm.a(fp_inf.o)
 .bss           0x00000000        0x0 f:/logiciels/atmelstudio/7.0/toolchain/avr8/avr8-gnu-toolchain/bin/../lib/gcc/avr/5.4.0/../../../../avr/lib/avr5\libm.a(fp_inf.o)
 .text          0x00000000        0x0 f:/logiciels/atmelstudio/7.0/toolchain/avr8/avr8-gnu-toolchain/bin/../lib/gcc/avr/5.4.0/../../../../avr/lib/avr5\libm.a(fp_nan.o)
 .data          0x00000000        0x0 f:/logiciels/atmelstudio/7.0/toolchain/avr8/avr8-gnu-toolchain/bin/../lib/gcc/avr/5.4.0/../../../../avr/lib/avr5\libm.a(fp_nan.o)
 .bss           0x00000000        0x0 f:/logiciels/atmelstudio/7.0/toolchain/avr8/avr8-gnu-toolchain/bin/../lib/gcc/avr/5.4.0/../../../../avr/lib/avr5\libm.a(fp_nan.o)
 .text          0x00000000        0x0 f:/logiciels/atmelstudio/7.0/toolchain/avr8/avr8-gnu-toolchain/bin/../lib/gcc/avr/5.4.0/../../../../avr/lib/avr5\libm.a(fp_pscA.o)
 .data          0x00000000        0x0 f:/logiciels/atmelstudio/7.0/toolchain/avr8/avr8-gnu-toolchain/bin/../lib/gcc/avr/5.4.0/../../../../avr/lib/avr5\libm.a(fp_pscA.o)
 .bss           0x00000000        0x0 f:/logiciels/atmelstudio/7.0/toolchain/avr8/avr8-gnu-toolchain/bin/../lib/gcc/avr/5.4.0/../../../../avr/lib/avr5\libm.a(fp_pscA.o)
 .text          0x00000000        0x0 f:/logiciels/atmelstudio/7.0/toolchain/avr8/avr8-gnu-toolchain/bin/../lib/gcc/avr/5.4.0/../../../../avr/lib/avr5\libm.a(fp_pscB.o)
 .data          0x00000000        0x0 f:/logiciels/atmelstudio/7.0/toolchain/avr8/avr8-gnu-toolchain/bin/../lib/gcc/avr/5.4.0/../../../../avr/lib/avr5\libm.a(fp_pscB.o)
 .bss           0x00000000        0x0 f:/logiciels/atmelstudio/7.0/toolchain/avr8/avr8-gnu-toolchain/bin/../lib/gcc/avr/5.4.0/../../../../avr/lib/avr5\libm.a(fp_pscB.o)
 .text          0x00000000        0x0 f:/logiciels/atmelstudio/7.0/toolchain/avr8/avr8-gnu-toolchain/bin/../lib/gcc/avr/5.4.0/../../../../avr/lib/avr5\libm.a(fp_round.o)
 .data          0x00000000        0x0 f:/logiciels/atmelstudio/7.0/toolchain/avr8/avr8-gnu-toolchain/bin/../lib/gcc/avr/5.4.0/../../../../avr/lib/avr5\libm.a(fp_round.o)
 .bss           0x00000000        0x0 f:/logiciels/atmelstudio/7.0/toolchain/avr8/avr8-gnu-toolchain/bin/../lib/gcc/avr/5.4.0/../../../../avr/lib/avr5\libm.a(fp_round.o)
 .text          0x00000000        0x0 f:/logiciels/atmelstudio/7.0/toolchain/avr8/avr8-gnu-toolchain/bin/../lib/gcc/avr/5.4.0/../../../../avr/lib/avr5\libm.a(fp_split3.o)
 .data          0x00000000        0x0 f:/logiciels/atmelstudio/7.0/toolchain/avr8/avr8-gnu-toolchain/bin/../lib/gcc/avr/5.4.0/../../../../avr/lib/avr5\libm.a(fp_split3.o)
 .bss           0x00000000        0x0 f:/logiciels/atmelstudio/7.0/toolchain/avr8/avr8-gnu-toolchain/bin/../lib/gcc/avr/5.4.0/../../../../avr/lib/avr5\libm.a(fp_split3.o)
 .text          0x00000000        0x0 f:/logiciels/atmelstudio/7.0/toolchain/avr8/avr8-gnu-toolchain/bin/../lib/gcc/avr/5.4.0/../../../../avr/lib/avr5\libm.a(fp_zero.o)
 .data          0x00000000        0x0 f:/logiciels/atmelstudio/7.0/toolchain/avr8/avr8-gnu-toolchain/bin/../lib/gcc/avr/5.4.0/../../../../avr/lib/avr5\libm.a(fp_zero.o)
 .bss           0x00000000        0x0 f:/logiciels/atmelstudio/7.0/toolchain/avr8/avr8-gnu-toolchain/bin/../lib/gcc/avr/5.4.0/../../../../avr/lib/avr5\libm.a(fp_zero.o)
 .text          0x00000000        0x0 f:/logiciels/atmelstudio/7.0/toolchain/avr8/avr8-gnu-toolchain/bin/../lib/gcc/avr/5.4.0/../../../../avr/lib/avr5\libm.a(mulsf3.o)
 .data          0x00000000        0x0 f:/logiciels/atmelstudio/7.0/toolchain/avr8/avr8-gnu-toolchain/bin/../lib/gcc/avr/5.4.0/../../../../avr/lib/avr5\libm.a(mulsf3.o)
 .bss           0x00000000        0x0 f:/logiciels/atmelstudio/7.0/toolchain/avr8/avr8-gnu-toolchain/bin/../lib/gcc/avr/5.4.0/../../../../avr/lib/avr5\libm.a(mulsf3.o)
 .text          0x00000000        0x0 f:/logiciels/atmelstudio/7.0/toolchain/avr8/avr8-gnu-toolchain/bin/../lib/gcc/avr/5.4.0/../../../../avr/lib/avr5\libm.a(mulsf3x.o)
 .data          0x00000000        0x0 f:/logiciels/atmelstudio/7.0/toolchain/avr8/avr8-gnu-toolchain/bin/../lib/gcc/avr/5.4.0/../../../../avr/lib/avr5\libm.a(mulsf3x.o)
 .bss           0x00000000        0x0 f:/logiciels/atmelstudio/7.0/toolchain/avr8/avr8-gnu-toolchain/bin/../lib/gcc/avr/5.4.0/../../../../avr/lib/avr5\libm.a(mulsf3x.o)
 .text          0x00000000        0x0 f:/logiciels/atmelstudio/7.0/toolchain/avr8/avr8-gnu-toolchain/bin/../lib/gcc/avr/5.4.0/avr5\libgcc.a(_udivmodqi4.o)
 .data          0x00000000        0x0 f:/logiciels/atmelstudio/7.0/toolchain/avr8/avr8-gnu-toolchain/bin/../lib/gcc/avr/5.4.0/avr5\libgcc.a(_udivmodqi4.o)
 .bss           0x00000000        0x0 f:/logiciels/atmelstudio/7.0/toolchain/avr8/avr8-gnu-toolchain/bin/../lib/gcc/avr/5.4.0/avr5\libgcc.a(_udivmodqi4.o)
 .text.libgcc.mul
                0x00000000        0x0 f:/logiciels/atmelstudio/7.0/toolchain/avr8/avr8-gnu-toolchain/bin/../lib/gcc/avr/5.4.0/avr5\libgcc.a(_udivmodqi4.o)
 .text.libgcc.div
                0x00000000       0x18 f:/logiciels/atmelstudio/7.0/toolchain/avr8/avr8-gnu-toolchain/bin/../lib/gcc/avr/5.4.0/avr5\libgcc.a(_udivmodqi4.o)
 .text.libgcc   0x00000000        0x0 f:/logiciels/atmelstudio/7.0/toolchain/avr8/avr8-gnu-toolchain/bin/../lib/gcc/avr/5.4.0/avr5\libgcc.a(_udivmodqi4.o)
 .text.libgcc.prologue
                0x00000000        0x0 f:/logiciels/atmelstudio/7.0/toolchain/avr8/avr8-gnu-toolchain/bin/../lib/gcc/avr/5.4.0/avr5\libgcc.a(_udivmodqi4.o)
 .text.libgcc.builtins
                0x00000000        0x0 f:/logiciels/atmelstudio/7.0/toolchain/avr8/avr8-gnu-toolchain/bin/../lib/gcc/avr/5.4.0/avr5\libgcc.a(_udivmodqi4.o)
 .text.libgcc.fmul
                0x00000000        0x0 f:/logiciels/atmelstudio/7.0/toolchain/avr8/avr8-gnu-toolchain/bin/../lib/gcc/avr/5.4.0/avr5\libgcc.a(_udivmodqi4.o)
 .text.libgcc.fixed
                0x00000000        0x0 f:/logiciels/atmelstudio/7.0/toolchain/avr8/avr8-gnu-toolchain/bin/../lib/gcc/avr/5.4.0/avr5\libgcc.a(_udivmodqi4.o)
 .text          0x00000000        0x0 f:/logiciels/atmelstudio/7.0/toolchain/avr8/avr8-gnu-toolchain/bin/../lib/gcc/avr/5.4.0/avr5\libgcc.a(_udivmodhi4.o)
 .data          0x00000000        0x0 f:/logiciels/atmelstudio/7.0/toolchain/avr8/avr8-gnu-toolchain/bin/../lib/gcc/avr/5.4.0/avr5\libgcc.a(_udivmodhi4.o)
 .bss           0x00000000        0x0 f:/logiciels/atmelstudio/7.0/toolchain/avr8/avr8-gnu-toolchain/bin/../lib/gcc/avr/5.4.0/avr5\libgcc.a(_udivmodhi4.o)
 .text.libgcc.mul
                0x00000000        0x0 f:/logiciels/atmelstudio/7.0/toolchain/avr8/avr8-gnu-toolchain/bin/../lib/gcc/avr/5.4.0/avr5\libgcc.a(_udivmodhi4.o)
 .text.libgcc.div
                0x00000000       0x28 f:/logiciels/atmelstudio/7.0/toolchain/avr8/avr8-gnu-toolchain/bin/../lib/gcc/avr/5.4.0/avr5\libgcc.a(_udivmodhi4.o)
 .text.libgcc   0x00000000        0x0 f:/logiciels/atmelstudio/7.0/toolchain/avr8/avr8-gnu-toolchain/bin/../lib/gcc/avr/5.4.0/avr5\libgcc.a(_udivmodhi4.o)
 .text.libgcc.prologue
                0x00000000        0x0 f:/logiciels/atmelstudio/7.0/toolchain/avr8/avr8-gnu-toolchain/bin/../lib/gcc/avr/5.4.0/avr5\libgcc.a(_udivmodhi4.o)
 .text.libgcc.builtins
                0x00000000        0x0 f:/logiciels/atmelstudio/7.0/toolchain/avr8/avr8-gnu-toolchain/bin/../lib/gcc/avr/5.4.0/avr5\libgcc.a(_udivmodhi4.o)
 .text.libgcc.fmul
                0x00000000        0x0 f:/logiciels/atmelstudio/7.0/toolchain/avr8/avr8-gnu-toolchain/bin/../lib/gcc/avr/5.4.0/avr5\libgcc.a(_udivmodhi4.o)
 .text.libgcc.fixed
                0x00000000        0x0 f:/logiciels/atmelstudio/7.0/toolchain/avr8/avr8-gnu-toolchain/bin/../lib/gcc/avr/5.4.0/avr5\libgcc.a(_udivmodhi4.o)
 .text          0x00000000        0x0 f:/logiciels/atmelstudio/7.0/toolchain/avr8/avr8-gnu-toolchain/bin/../lib/gcc/avr/5.4.0/avr5\libgcc.a(_udivmodsi4.o)
 .data          0x00000000        0x0 f:/logiciels/atmelstudio/7.0/toolchain/avr8/avr8-gnu-toolchain/bin/../lib/gcc/avr/5.4.0/avr5\libgcc.a(_udivmodsi4.o)
 .bss           0x00000000        0x0 f:/logiciels/atmelstudio/7.0/toolchain/avr8/avr8-gnu-toolchain/bin/../lib/gcc/avr/5.4.0/avr5\libgcc.a(_udivmodsi4.o)
 .text.libgcc.mul
                0x00000000        0x0 f:/logiciels/atmelstudio/7.0/toolchain/avr8/avr8-gnu-toolchain/bin/../lib/gcc/avr/5.4.0/avr5\libgcc.a(_udivmodsi4.o)
 .text.libgcc.div
                0x00000000       0x44 f:/logiciels/atmelstudio/7.0/toolchain/avr8/avr8-gnu-toolchain/bin/../lib/gcc/avr/5.4.0/avr5\libgcc.a(_udivmodsi4.o)
 .text.libgcc   0x00000000        0x0 f:/logiciels/atmelstudio/7.0/toolchain/avr8/avr8-gnu-toolchain/bin/../lib/gcc/avr/5.4.0/avr5\libgcc.a(_udivmodsi4.o)
 .text.libgcc.prologue
                0x00000000        0x0 f:/logiciels/atmelstudio/7.0/toolchain/avr8/avr8-gnu-toolchain/bin/../lib/gcc/avr/5.4.0/avr5\libgcc.a(_udivmodsi4.o)
 .text.libgcc.builtins
                0x00000000        0x0 f:/logiciels/atmelstudio/7.0/toolchain/avr8/avr8-gnu-toolchain/bin/../lib/gcc/avr/5.4.0/avr5\libgcc.a(_udivmodsi4.o)
 .text.libgcc.fmul
                0x00000000        0x0 f:/logiciels/atmelstudio/7.0/toolchain/avr8/avr8-gnu-toolchain/bin/../lib/gcc/avr/5.4.0/avr5\libgcc.a(_udivmodsi4.o)
 .text.libgcc.fixed
                0x00000000        0x0 f:/logiciels/atmelstudio/7.0/toolchain/avr8/avr8-gnu-toolchain/bin/../lib/gcc/avr/5.4.0/avr5\libgcc.a(_udivmodsi4.o)
 .text          0x00000000        0x0 f:/logiciels/atmelstudio/7.0/toolchain/avr8/avr8-gnu-toolchain/bin/../lib/gcc/avr/5.4.0/avr5\libgcc.a(_exit.o)
 .data          0x00000000        0x0 f:/logiciels/atmelstudio/7.0/toolchain/avr8/avr8-gnu-toolchain/bin/../lib/gcc/avr/5.4.0/avr5\libgcc.a(_exit.o)
 .bss           0x00000000        0x0 f:/logiciels/atmelstudio/7.0/toolchain/avr8/avr8-gnu-toolchain/bin/../lib/gcc/avr/5.4.0/avr5\libgcc.a(_exit.o)
 .text.libgcc.mul
                0x00000000        0x0 f:/logiciels/atmelstudio/7.0/toolchain/avr8/avr8-gnu-toolchain/bin/../lib/gcc/avr/5.4.0/avr5\libgcc.a(_exit.o)
 .text.libgcc.div
                0x00000000        0x0 f:/logiciels/atmelstudio/7.0/toolchain/avr8/avr8-gnu-toolchain/bin/../lib/gcc/avr/5.4.0/avr5\libgcc.a(_exit.o)
 .text.libgcc   0x00000000        0x0 f:/logiciels/atmelstudio/7.0/toolchain/avr8/avr8-gnu-toolchain/bin/../lib/gcc/avr/5.4.0/avr5\libgcc.a(_exit.o)
 .text.libgcc.prologue
                0x00000000        0x0 f:/logiciels/atmelstudio/7.0/toolchain/avr8/avr8-gnu-toolchain/bin/../lib/gcc/avr/5.4.0/avr5\libgcc.a(_exit.o)
 .text.libgcc.builtins
                0x00000000        0x0 f:/logiciels/atmelstudio/7.0/toolchain/avr8/avr8-gnu-toolchain/bin/../lib/gcc/avr/5.4.0/avr5\libgcc.a(_exit.o)
 .text.libgcc.fmul
                0x00000000        0x0 f:/logiciels/atmelstudio/7.0/toolchain/avr8/avr8-gnu-toolchain/bin/../lib/gcc/avr/5.4.0/avr5\libgcc.a(_exit.o)
 .text.libgcc.fixed
                0x00000000        0x0 f:/logiciels/atmelstudio/7.0/toolchain/avr8/avr8-gnu-toolchain/bin/../lib/gcc/avr/5.4.0/avr5\libgcc.a(_exit.o)
 .text          0x00000000        0x0 f:/logiciels/atmelstudio/7.0/toolchain/avr8/avr8-gnu-toolchain/bin/../lib/gcc/avr/5.4.0/avr5\libgcc.a(_tablejump2.o)
 .data          0x00000000        0x0 f:/logiciels/atmelstudio/7.0/toolchain/avr8/avr8-gnu-toolchain/bin/../lib/gcc/avr/5.4.0/avr5\libgcc.a(_tablejump2.o)
 .bss           0x00000000        0x0 f:/logiciels/atmelstudio/7.0/toolchain/avr8/avr8-gnu-toolchain/bin/../lib/gcc/avr/5.4.0/avr5\libgcc.a(_tablejump2.o)
 .text.libgcc.mul
                0x00000000        0x0 f:/logiciels/atmelstudio/7.0/toolchain/avr8/avr8-gnu-toolchain/bin/../lib/gcc/avr/5.4.0/avr5\libgcc.a(_tablejump2.o)
 .text.libgcc.div
                0x00000000        0x0 f:/logiciels/atmelstudio/7.0/toolchain/avr8/avr8-gnu-toolchain/bin/../lib/gcc/avr/5.4.0/avr5\libgcc.a(_tablejump2.o)
 .text.libgcc.prologue
                0x00000000        0x0 f:/logiciels/atmelstudio/7.0/toolchain/avr8/avr8-gnu-toolchain/bin/../lib/gcc/avr/5.4.0/avr5\libgcc.a(_tablejump2.o)
 .text.libgcc.builtins
                0x00000000        0x0 f:/logiciels/atmelstudio/7.0/toolchain/avr8/avr8-gnu-toolchain/bin/../lib/gcc/avr/5.4.0/avr5\libgcc.a(_tablejump2.o)
 .text.libgcc.fmul
                0x00000000        0x0 f:/logiciels/atmelstudio/7.0/toolchain/avr8/avr8-gnu-toolchain/bin/../lib/gcc/avr/5.4.0/avr5\libgcc.a(_tablejump2.o)
 .text.libgcc.fixed
                0x00000000        0x0 f:/logiciels/atmelstudio/7.0/toolchain/avr8/avr8-gnu-toolchain/bin/../lib/gcc/avr/5.4.0/avr5\libgcc.a(_tablejump2.o)
 .text          0x00000000        0x0 f:/logiciels/atmelstudio/7.0/toolchain/avr8/avr8-gnu-toolchain/bin/../lib/gcc/avr/5.4.0/avr5\libgcc.a(_copy_data.o)
 .data          0x00000000        0x0 f:/logiciels/atmelstudio/7.0/toolchain/avr8/avr8-gnu-toolchain/bin/../lib/gcc/avr/5.4.0/avr5\libgcc.a(_copy_data.o)
 .bss           0x00000000        0x0 f:/logiciels/atmelstudio/7.0/toolchain/avr8/avr8-gnu-toolchain/bin/../lib/gcc/avr/5.4.0/avr5\libgcc.a(_copy_data.o)
 .text.libgcc.mul
                0x00000000        0x0 f:/logiciels/atmelstudio/7.0/toolchain/avr8/avr8-gnu-toolchain/bin/../lib/gcc/avr/5.4.0/avr5\libgcc.a(_copy_data.o)
 .text.libgcc.div
                0x00000000        0x0 f:/logiciels/atmelstudio/7.0/toolchain/avr8/avr8-gnu-toolchain/bin/../lib/gcc/avr/5.4.0/avr5\libgcc.a(_copy_data.o)
 .text.libgcc   0x00000000        0x0 f:/logiciels/atmelstudio/7.0/toolchain/avr8/avr8-gnu-toolchain/bin/../lib/gcc/avr/5.4.0/avr5\libgcc.a(_copy_data.o)
 .text.libgcc.prologue
                0x00000000        0x0 f:/logiciels/atmelstudio/7.0/toolchain/avr8/avr8-gnu-toolchain/bin/../lib/gcc/avr/5.4.0/avr5\libgcc.a(_copy_data.o)
 .text.libgcc.builtins
                0x00000000        0x0 f:/logiciels/atmelstudio/7.0/toolchain/avr8/avr8-gnu-toolchain/bin/../lib/gcc/avr/5.4.0/avr5\libgcc.a(_copy_data.o)
 .text.libgcc.fmul
                0x00000000        0x0 f:/logiciels/atmelstudio/7.0/toolchain/avr8/avr8-gnu-toolchain/bin/../lib/gcc/avr/5.4.0/avr5\libgcc.a(_copy_data.o)
 .text.libgcc.fixed
                0x00000000        0x0 f:/logiciels/atmelstudio/7.0/toolchain/avr8/avr8-gnu-toolchain/bin/../lib/gcc/avr/5.4.0/avr5\libgcc.a(_copy_data.o)
 .text          0x00000000        0x0 f:/logiciels/atmelstudio/7.0/toolchain/avr8/avr8-gnu-toolchain/bin/../lib/gcc/avr/5.4.0/avr5\libgcc.a(_clear_bss.o)
 .data          0x00000000        0x0 f:/logiciels/atmelstudio/7.0/toolchain/avr8/avr8-gnu-toolchain/bin/../lib/gcc/avr/5.4.0/avr5\libgcc.a(_clear_bss.o)
 .bss           0x00000000        0x0 f:/logiciels/atmelstudio/7.0/toolchain/avr8/avr8-gnu-toolchain/bin/../lib/gcc/avr/5.4.0/avr5\libgcc.a(_clear_bss.o)
 .text.libgcc.mul
                0x00000000        0x0 f:/logiciels/atmelstudio/7.0/toolchain/avr8/avr8-gnu-toolchain/bin/../lib/gcc/avr/5.4.0/avr5\libgcc.a(_clear_bss.o)
 .text.libgcc.div
                0x00000000        0x0 f:/logiciels/atmelstudio/7.0/toolchain/avr8/avr8-gnu-toolchain/bin/../lib/gcc/avr/5.4.0/avr5\libgcc.a(_clear_bss.o)
 .text.libgcc   0x00000000        0x0 f:/logiciels/atmelstudio/7.0/toolchain/avr8/avr8-gnu-toolchain/bin/../lib/gcc/avr/5.4.0/avr5\libgcc.a(_clear_bss.o)
 .text.libgcc.prologue
                0x00000000        0x0 f:/logiciels/atmelstudio/7.0/toolchain/avr8/avr8-gnu-toolchain/bin/../lib/gcc/avr/5.4.0/avr5\libgcc.a(_clear_bss.o)
 .text.libgcc.builtins
                0x00000000        0x0 f:/logiciels/atmelstudio/7.0/toolchain/avr8/avr8-gnu-toolchain/bin/../lib/gcc/avr/5.4.0/avr5\libgcc.a(_clear_bss.o)
 .text.libgcc.fmul
                0x00000000        0x0 f:/logiciels/atmelstudio/7.0/toolchain/avr8/avr8-gnu-toolchain/bin/../lib/gcc/avr/5.4.0/avr5\libgcc.a(_clear_bss.o)
 .text.libgcc.fixed
                0x00000000        0x0 f:/logiciels/atmelstudio/7.0/toolchain/avr8/avr8-gnu-toolchain/bin/../lib/gcc/avr/5.4.0/avr5\libgcc.a(_clear_bss.o)
 .text          0x00000000        0x0 f:/logiciels/atmelstudio/7.0/toolchain/avr8/avr8-gnu-toolchain/bin/../lib/gcc/avr/5.4.0/avr5\libgcc.a(_umulhisi3.o)
 .data          0x00000000        0x0 f:/logiciels/atmelstudio/7.0/toolchain/avr8/avr8-gnu-toolchain/bin/../lib/gcc/avr/5.4.0/avr5\libgcc.a(_umulhisi3.o)
 .bss           0x00000000        0x0 f:/logiciels/atmelstudio/7.0/toolchain/avr8/avr8-gnu-toolchain/bin/../lib/gcc/avr/5.4.0/avr5\libgcc.a(_umulhisi3.o)
 .text.libgcc.mul
                0x00000000       0x1e f:/logiciels/atmelstudio/7.0/toolchain/avr8/avr8-gnu-toolchain/bin/../lib/gcc/avr/5.4.0/avr5\libgcc.a(_umulhisi3.o)
 .text.libgcc.div
                0x00000000        0x0 f:/logiciels/atmelstudio/7.0/toolchain/avr8/avr8-gnu-toolchain/bin/../lib/gcc/avr/5.4.0/avr5\libgcc.a(_umulhisi3.o)
 .text.libgcc   0x00000000        0x0 f:/logiciels/atmelstudio/7.0/toolchain/avr8/avr8-gnu-toolchain/bin/../lib/gcc/avr/5.4.0/avr5\libgcc.a(_umulhisi3.o)
 .text.libgcc.prologue
                0x00000000        0x0 f:/logiciels/atmelstudio/7.0/toolchain/avr8/avr8-gnu-toolchain/bin/../lib/gcc/avr/5.4.0/avr5\libgcc.a(_umulhisi3.o)
 .text.libgcc.builtins
                0x00000000        0x0 f:/logiciels/atmelstudio/7.0/toolchain/avr8/avr8-gnu-toolchain/bin/../lib/gcc/avr/5.4.0/avr5\libgcc.a(_umulhisi3.o)
 .text.libgcc.fmul
                0x00000000        0x0 f:/logiciels/atmelstudio/7.0/toolchain/avr8/avr8-gnu-toolchain/bin/../lib/gcc/avr/5.4.0/avr5\libgcc.a(_umulhisi3.o)
 .text.libgcc.fixed
                0x00000000        0x0 f:/logiciels/atmelstudio/7.0/toolchain/avr8/avr8-gnu-toolchain/bin/../lib/gcc/avr/5.4.0/avr5\libgcc.a(_umulhisi3.o)
 .text          0x00000000        0x0 f:/logiciels/atmelstudio/7.0/toolchain/avr8/avr8-gnu-toolchain/bin/../lib/gcc/avr/5.4.0/avr5\libgcc.a(_muluhisi3.o)
 .data          0x00000000        0x0 f:/logiciels/atmelstudio/7.0/toolchain/avr8/avr8-gnu-toolchain/bin/../lib/gcc/avr/5.4.0/avr5\libgcc.a(_muluhisi3.o)
 .bss           0x00000000        0x0 f:/logiciels/atmelstudio/7.0/toolchain/avr8/avr8-gnu-toolchain/bin/../lib/gcc/avr/5.4.0/avr5\libgcc.a(_muluhisi3.o)
 .text.libgcc.mul
                0x00000000       0x16 f:/logiciels/atmelstudio/7.0/toolchain/avr8/avr8-gnu-toolchain/bin/../lib/gcc/avr/5.4.0/avr5\libgcc.a(_muluhisi3.o)
 .text.libgcc.div
                0x00000000        0x0 f:/logiciels/atmelstudio/7.0/toolchain/avr8/avr8-gnu-toolchain/bin/../lib/gcc/avr/5.4.0/avr5\libgcc.a(_muluhisi3.o)
 .text.libgcc   0x00000000        0x0 f:/logiciels/atmelstudio/7.0/toolchain/avr8/avr8-gnu-toolchain/bin/../lib/gcc/avr/5.4.0/avr5\libgcc.a(_muluhisi3.o)
 .text.libgcc.prologue
                0x00000000        0x0 f:/logiciels/atmelstudio/7.0/toolchain/avr8/avr8-gnu-toolchain/bin/../lib/gcc/avr/5.4.0/avr5\libgcc.a(_muluhisi3.o)
 .text.libgcc.builtins
                0x00000000        0x0 f:/logiciels/atmelstudio/7.0/toolchain/avr8/avr8-gnu-toolchain/bin/../lib/gcc/avr/5.4.0/avr5\libgcc.a(_muluhisi3.o)
 .text.libgcc.fmul
                0x00000000        0x0 f:/logiciels/atmelstudio/7.0/toolchain/avr8/avr8-gnu-toolchain/bin/../lib/gcc/avr/5.4.0/avr5\libgcc.a(_muluhisi3.o)
 .text.libgcc.fixed
                0x00000000        0x0 f:/logiciels/atmelstudio/7.0/toolchain/avr8/avr8-gnu-toolchain/bin/../lib/gcc/avr/5.4.0/avr5\libgcc.a(_muluhisi3.o)
 .text          0x00000000        0x0 f:/logiciels/atmelstudio/7.0/toolchain/avr8/avr8-gnu-toolchain/bin/../lib/gcc/avr/5.4.0/../../../../avr/lib/avr5\libc.a(sprintf.o)
 .data          0x00000000        0x0 f:/logiciels/atmelstudio/7.0/toolchain/avr8/avr8-gnu-toolchain/bin/../lib/gcc/avr/5.4.0/../../../../avr/lib/avr5\libc.a(sprintf.o)
 .bss           0x00000000        0x0 f:/logiciels/atmelstudio/7.0/toolchain/avr8/avr8-gnu-toolchain/bin/../lib/gcc/avr/5.4.0/../../../../avr/lib/avr5\libc.a(sprintf.o)
 .text          0x00000000        0x0 f:/logiciels/atmelstudio/7.0/toolchain/avr8/avr8-gnu-toolchain/bin/../lib/gcc/avr/5.4.0/../../../../avr/lib/avr5\libc.a(sscanf.o)
 .data          0x00000000        0x0 f:/logiciels/atmelstudio/7.0/toolchain/avr8/avr8-gnu-toolchain/bin/../lib/gcc/avr/5.4.0/../../../../avr/lib/avr5\libc.a(sscanf.o)
 .bss           0x00000000        0x0 f:/logiciels/atmelstudio/7.0/toolchain/avr8/avr8-gnu-toolchain/bin/../lib/gcc/avr/5.4.0/../../../../avr/lib/avr5\libc.a(sscanf.o)
 .text          0x00000000        0x0 f:/logiciels/atmelstudio/7.0/toolchain/avr8/avr8-gnu-toolchain/bin/../lib/gcc/avr/5.4.0/../../../../avr/lib/avr5\libc.a(vfprintf_std.o)
 .data          0x00000000        0x0 f:/logiciels/atmelstudio/7.0/toolchain/avr8/avr8-gnu-toolchain/bin/../lib/gcc/avr/5.4.0/../../../../avr/lib/avr5\libc.a(vfprintf_std.o)
 .bss           0x00000000        0x0 f:/logiciels/atmelstudio/7.0/toolchain/avr8/avr8-gnu-toolchain/bin/../lib/gcc/avr/5.4.0/../../../../avr/lib/avr5\libc.a(vfprintf_std.o)
 .text          0x00000000        0x0 f:/logiciels/atmelstudio/7.0/toolchain/avr8/avr8-gnu-toolchain/bin/../lib/gcc/avr/5.4.0/../../../../avr/lib/avr5\libc.a(vfscanf_std.o)
 .data          0x00000000        0x0 f:/logiciels/atmelstudio/7.0/toolchain/avr8/avr8-gnu-toolchain/bin/../lib/gcc/avr/5.4.0/../../../../avr/lib/avr5\libc.a(vfscanf_std.o)
 .bss           0x00000000        0x0 f:/logiciels/atmelstudio/7.0/toolchain/avr8/avr8-gnu-toolchain/bin/../lib/gcc/avr/5.4.0/../../../../avr/lib/avr5\libc.a(vfscanf_std.o)
 .text          0x00000000        0x0 f:/logiciels/atmelstudio/7.0/toolchain/avr8/avr8-gnu-toolchain/bin/../lib/gcc/avr/5.4.0/../../../../avr/lib/avr5\libc.a(isspace.o)
 .data          0x00000000        0x0 f:/logiciels/atmelstudio/7.0/toolchain/avr8/avr8-gnu-toolchain/bin/../lib/gcc/avr/5.4.0/../../../../avr/lib/avr5\libc.a(isspace.o)
 .bss           0x00000000        0x0 f:/logiciels/atmelstudio/7.0/toolchain/avr8/avr8-gnu-toolchain/bin/../lib/gcc/avr/5.4.0/../../../../avr/lib/avr5\libc.a(isspace.o)
 .text          0x00000000        0x0 f:/logiciels/atmelstudio/7.0/toolchain/avr8/avr8-gnu-toolchain/bin/../lib/gcc/avr/5.4.0/../../../../avr/lib/avr5\libc.a(strchr_P.o)
 .data          0x00000000        0x0 f:/logiciels/atmelstudio/7.0/toolchain/avr8/avr8-gnu-toolchain/bin/../lib/gcc/avr/5.4.0/../../../../avr/lib/avr5\libc.a(strchr_P.o)
 .bss           0x00000000        0x0 f:/logiciels/atmelstudio/7.0/toolchain/avr8/avr8-gnu-toolchain/bin/../lib/gcc/avr/5.4.0/../../../../avr/lib/avr5\libc.a(strchr_P.o)
 .text          0x00000000        0x0 f:/logiciels/atmelstudio/7.0/toolchain/avr8/avr8-gnu-toolchain/bin/../lib/gcc/avr/5.4.0/../../../../avr/lib/avr5\libc.a(strnlen_P.o)
 .data          0x00000000        0x0 f:/logiciels/atmelstudio/7.0/toolchain/avr8/avr8-gnu-toolchain/bin/../lib/gcc/avr/5.4.0/../../../../avr/lib/avr5\libc.a(strnlen_P.o)
 .bss           0x00000000        0x0 f:/logiciels/atmelstudio/7.0/toolchain/avr8/avr8-gnu-toolchain/bin/../lib/gcc/avr/5.4.0/../../../../avr/lib/avr5\libc.a(strnlen_P.o)
 .text          0x00000000        0x0 f:/logiciels/atmelstudio/7.0/toolchain/avr8/avr8-gnu-toolchain/bin/../lib/gcc/avr/5.4.0/../../../../avr/lib/avr5\libc.a(strnlen.o)
 .data          0x00000000        0x0 f:/logiciels/atmelstudio/7.0/toolchain/avr8/avr8-gnu-toolchain/bin/../lib/gcc/avr/5.4.0/../../../../avr/lib/avr5\libc.a(strnlen.o)
 .bss           0x00000000        0x0 f:/logiciels/atmelstudio/7.0/toolchain/avr8/avr8-gnu-toolchain/bin/../lib/gcc/avr/5.4.0/../../../../avr/lib/avr5\libc.a(strnlen.o)
 .text          0x00000000        0x0 f:/logiciels/atmelstudio/7.0/toolchain/avr8/avr8-gnu-toolchain/bin/../lib/gcc/avr/5.4.0/../../../../avr/lib/avr5\libc.a(fgetc.o)
 .data          0x00000000        0x0 f:/logiciels/atmelstudio/7.0/toolchain/avr8/avr8-gnu-toolchain/bin/../lib/gcc/avr/5.4.0/../../../../avr/lib/avr5\libc.a(fgetc.o)
 .bss           0x00000000        0x0 f:/logiciels/atmelstudio/7.0/toolchain/avr8/avr8-gnu-toolchain/bin/../lib/gcc/avr/5.4.0/../../../../avr/lib/avr5\libc.a(fgetc.o)
 .text          0x00000000        0x0 f:/logiciels/atmelstudio/7.0/toolchain/avr8/avr8-gnu-toolchain/bin/../lib/gcc/avr/5.4.0/../../../../avr/lib/avr5\libc.a(fputc.o)
 .data          0x00000000        0x0 f:/logiciels/atmelstudio/7.0/toolchain/avr8/avr8-gnu-toolchain/bin/../lib/gcc/avr/5.4.0/../../../../avr/lib/avr5\libc.a(fputc.o)
 .bss           0x00000000        0x0 f:/logiciels/atmelstudio/7.0/toolchain/avr8/avr8-gnu-toolchain/bin/../lib/gcc/avr/5.4.0/../../../../avr/lib/avr5\libc.a(fputc.o)
 .text          0x00000000        0x0 f:/logiciels/atmelstudio/7.0/toolchain/avr8/avr8-gnu-toolchain/bin/../lib/gcc/avr/5.4.0/../../../../avr/lib/avr5\libc.a(ungetc.o)
 .data          0x00000000        0x0 f:/logiciels/atmelstudio/7.0/toolchain/avr8/avr8-gnu-toolchain/bin/../lib/gcc/avr/5.4.0/../../../../avr/lib/avr5\libc.a(ungetc.o)
 .bss           0x00000000        0x0 f:/logiciels/atmelstudio/7.0/toolchain/avr8/avr8-gnu-toolchain/bin/../lib/gcc/avr/5.4.0/../../../../avr/lib/avr5\libc.a(ungetc.o)
 .text          0x00000000        0x0 f:/logiciels/atmelstudio/7.0/toolchain/avr8/avr8-gnu-toolchain/bin/../lib/gcc/avr/5.4.0/../../../../avr/lib/avr5\libc.a(ultoa_invert.o)
 .data          0x00000000        0x0 f:/logiciels/atmelstudio/7.0/toolchain/avr8/avr8-gnu-toolchain/bin/../lib/gcc/avr/5.4.0/../../../../avr/lib/avr5\libc.a(ultoa_invert.o)
 .bss           0x00000000        0x0 f:/logiciels/atmelstudio/7.0/toolchain/avr8/avr8-gnu-toolchain/bin/../lib/gcc/avr/5.4.0/../../../../avr/lib/avr5\libc.a(ultoa_invert.o)
 .text          0x00000000        0x0 f:/logiciels/atmelstudio/7.0/toolchain/avr8/avr8-gnu-toolchain/bin/../lib/gcc/avr/5.4.0/../../../../avr/lib/avr5\libc.a(cty_isfalse.o)
 .data          0x00000000        0x0 f:/logiciels/atmelstudio/7.0/toolchain/avr8/avr8-gnu-toolchain/bin/../lib/gcc/avr/5.4.0/../../../../avr/lib/avr5\libc.a(cty_isfalse.o)
 .bss           0x00000000        0x0 f:/logiciels/atmelstudio/7.0/toolchain/avr8/avr8-gnu-toolchain/bin/../lib/gcc/avr/5.4.0/../../../../avr/lib/avr5\libc.a(cty_isfalse.o)
 .text          0x00000000        0x0 f:/logiciels/atmelstudio/7.0/toolchain/avr8/avr8-gnu-toolchain/bin/../lib/gcc/avr/5.4.0/avr5\libgcc.a(_prologue.o)
 .data          0x00000000        0x0 f:/logiciels/atmelstudio/7.0/toolchain/avr8/avr8-gnu-toolchain/bin/../lib/gcc/avr/5.4.0/avr5\libgcc.a(_prologue.o)
 .bss           0x00000000        0x0 f:/logiciels/atmelstudio/7.0/toolchain/avr8/avr8-gnu-toolchain/bin/../lib/gcc/avr/5.4.0/avr5\libgcc.a(_prologue.o)
 .text.libgcc.mul
                0x00000000        0x0 f:/logiciels/atmelstudio/7.0/toolchain/avr8/avr8-gnu-toolchain/bin/../lib/gcc/avr/5.4.0/avr5\libgcc.a(_prologue.o)
 .text.libgcc.div
                0x00000000        0x0 f:/logiciels/atmelstudio/7.0/toolchain/avr8/avr8-gnu-toolchain/bin/../lib/gcc/avr/5.4.0/avr5\libgcc.a(_prologue.o)
 .text.libgcc   0x00000000        0x0 f:/logiciels/atmelstudio/7.0/toolchain/avr8/avr8-gnu-toolchain/bin/../lib/gcc/avr/5.4.0/avr5\libgcc.a(_prologue.o)
 .text.libgcc.builtins
                0x00000000        0x0 f:/logiciels/atmelstudio/7.0/toolchain/avr8/avr8-gnu-toolchain/bin/../lib/gcc/avr/5.4.0/avr5\libgcc.a(_prologue.o)
 .text.libgcc.fmul
                0x00000000        0x0 f:/logiciels/atmelstudio/7.0/toolchain/avr8/avr8-gnu-toolchain/bin/../lib/gcc/avr/5.4.0/avr5\libgcc.a(_prologue.o)
 .text.libgcc.fixed
                0x00000000        0x0 f:/logiciels/atmelstudio/7.0/toolchain/avr8/avr8-gnu-toolchain/bin/../lib/gcc/avr/5.4.0/avr5\libgcc.a(_prologue.o)
 .text          0x00000000        0x0 f:/logiciels/atmelstudio/7.0/toolchain/avr8/avr8-gnu-toolchain/bin/../lib/gcc/avr/5.4.0/avr5\libgcc.a(_epilogue.o)
 .data          0x00000000        0x0 f:/logiciels/atmelstudio/7.0/toolchain/avr8/avr8-gnu-toolchain/bin/../lib/gcc/avr/5.4.0/avr5\libgcc.a(_epilogue.o)
 .bss           0x00000000        0x0 f:/logiciels/atmelstudio/7.0/toolchain/avr8/avr8-gnu-toolchain/bin/../lib/gcc/avr/5.4.0/avr5\libgcc.a(_epilogue.o)
 .text.libgcc.mul
                0x00000000        0x0 f:/logiciels/atmelstudio/7.0/toolchain/avr8/avr8-gnu-toolchain/bin/../lib/gcc/avr/5.4.0/avr5\libgcc.a(_epilogue.o)
 .text.libgcc.div
                0x00000000        0x0 f:/logiciels/atmelstudio/7.0/toolchain/avr8/avr8-gnu-toolchain/bin/../lib/gcc/avr/5.4.0/avr5\libgcc.a(_epilogue.o)
 .text.libgcc   0x00000000        0x0 f:/logiciels/atmelstudio/7.0/toolchain/avr8/avr8-gnu-toolchain/bin/../lib/gcc/avr/5.4.0/avr5\libgcc.a(_epilogue.o)
 .text.libgcc.builtins
                0x00000000        0x0 f:/logiciels/atmelstudio/7.0/toolchain/avr8/avr8-gnu-toolchain/bin/../lib/gcc/avr/5.4.0/avr5\libgcc.a(_epilogue.o)
 .text.libgcc.fmul
                0x00000000        0x0 f:/logiciels/atmelstudio/7.0/toolchain/avr8/avr8-gnu-toolchain/bin/../lib/gcc/avr/5.4.0/avr5\libgcc.a(_epilogue.o)
 .text.libgcc.fixed
                0x00000000        0x0 f:/logiciels/atmelstudio/7.0/toolchain/avr8/avr8-gnu-toolchain/bin/../lib/gcc/avr/5.4.0/avr5\libgcc.a(_epilogue.o)

Memory Configuration

Name             Origin             Length             Attributes
text             0x00000000         0x00008000         xr
data             0x00800100         0x00000800         rw !x
eeprom           0x00810000         0x00000400         rw !x
fuse             0x00820000         0x00000003         rw !x
lock             0x00830000         0x00000400         rw !x
signature        0x00840000         0x00000400         rw !x
user_signatures  0x00850000         0x00000400         rw !x
*default*        0x00000000         0xffffffff

Linker script and memory map

Address of section .data set to 0x800100
LOAD F:/Logiciels/AtmelStudio/7.0/Packs/atmel/ATmega_DFP/1.6.364/gcc/dev/atmega324a/avr5/crtatmega324a.o
LOAD driver.o
LOAD fifo.o
LOAD lcd.o
LOAD main.o
LOAD uart.o
LOAD utils.o
LOAD vehicule.o
START GROUP
LOAD f:/logiciels/atmelstudio/7.0/toolchain/avr8/avr8-gnu-toolchain/bin/../lib/gcc/avr/5.4.0/../../../../avr/lib/avr5\libm.a
END GROUP
START GROUP
LOAD f:/logiciels/atmelstudio/7.0/toolchain/avr8/avr8-gnu-toolchain/bin/../lib/gcc/avr/5.4.0/avr5\libgcc.a
LOAD f:/logiciels/atmelstudio/7.0/toolchain/avr8/avr8-gnu-toolchain/bin/../lib/gcc/avr/5.4.0/../../../../avr/lib/avr5\libm.a
LOAD f:/logiciels/atmelstudio/7.0/toolchain/avr8/avr8-gnu-toolchain/bin/../lib/gcc/avr/5.4.0/../../../../avr/lib/avr5\libc.a
LOAD F:/Logiciels/AtmelStudio/7.0/Packs/atmel/ATmega_DFP/1.6.364/gcc/dev/atmega324a/avr5\libatmega324a.a
END GROUP
                [0x00000000]                __TEXT_REGION_ORIGIN__ = DEFINED (__TEXT_REGION_ORIGIN__)?__TEXT_REGION_ORIGIN__:0x0
                [0x00800100]                __DATA_REGION_ORIGIN__ = DEFINED (__DATA_REGION_ORIGIN__)?__DATA_REGION_ORIGIN__:0x800060
                [0x00008000]                __TEXT_REGION_LENGTH__ = DEFINED (__TEXT_REGION_LENGTH__)?__TEXT_REGION_LENGTH__:0x20000
                [0x00000800]                __DATA_REGION_LENGTH__ = DEFINED (__DATA_REGION_LENGTH__)?__DATA_REGION_LENGTH__:0xffa0
                [0x00000400]                __EEPROM_REGION_LENGTH__ = DEFINED (__EEPROM_REGION_LENGTH__)?__EEPROM_REGION_LENGTH__:0x10000
                [0x00000003]                __FUSE_REGION_LENGTH__ = DEFINED (__FUSE_REGION_LENGTH__)?__FUSE_REGION_LENGTH__:0x400
                0x00000400                __LOCK_REGION_LENGTH__ = DEFINED (__LOCK_REGION_LENGTH__)?__LOCK_REGION_LENGTH__:0x400
                0x00000400                __SIGNATURE_REGION_LENGTH__ = DEFINED (__SIGNATURE_REGION_LENGTH__)?__SIGNATURE_REGION_LENGTH__:0x400
                0x00000400                __USER_SIGNATURE_REGION_LENGTH__ = DEFINED (__USER_SIGNATURE_REGION_LENGTH__)?__USER_SIGNATURE_REGION_LENGTH__:0x400

.hash
 *(.hash)

.dynsym
 *(.dynsym)

.dynstr
 *(.dynstr)

.gnu.version
 *(.gnu.version)

.gnu.version_d
 *(.gnu.version_d)

.gnu.version_r
 *(.gnu.version_r)

.rel.init
 *(.rel.init)

.rela.init
 *(.rela.init)

.rel.text
 *(.rel.text)
 *(.rel.text.*)
 *(.rel.gnu.linkonce.t*)

.rela.text
 *(.rela.text)
 *(.rela.text.*)
 *(.rela.gnu.linkonce.t*)

.rel.fini
 *(.rel.fini)

.rela.fini
 *(.rela.fini)

.rel.rodata
 *(.rel.rodata)
 *(.rel.rodata.*)
 *(.rel.gnu.linkonce.r*)

.rela.rodata
 *(.rela.rodata)
 *(.rela.rodata.*)
 *(.rela.gnu.linkonce.r*)

.rel.data
 *(.rel.data)
 *(.rel.data.*)
 *(.rel.gnu.linkonce.d*)

.rela.data
 *(.rela.data)
 *(.rela.data.*)
 *(.rela.gnu.linkonce.d*)

.rel.ctors
 *(.rel.ctors)

.rela.ctors
 *(.rela.ctors)

.rel.dtors
 *(.rel.dtors)

.rela.dtors
 *(.rela.dtors)

.rel.got
 *(.rel.got)

.rela.got
 *(.rela.got)

.rel.bss
 *(.rel.bss)

.rela.bss
 *(.rela.bss)

.rel.plt
 *(.rel.plt)

.rela.plt
 *(.rela.plt)

.text           0x00000000     0x1e78
 *(.vectors)
 .vectors       0x00000000       0x7c F:/Logiciels/AtmelStudio/7.0/Packs/atmel/ATmega_DFP/1.6.364/gcc/dev/atmega324a/avr5/crtatmega324a.o
                0x00000000                __vector_default
                0x00000000                __vectors
 *(.vectors)
 *(.progmem.gcc*)
 .progmem.gcc_sw_table.hd44780_write_char
                0x0000007c       0x7a lcd.o
 .progmem.gcc_sw_table.lcd_shift_cursor
                0x000000f6       0x10 lcd.o
                0x00000106                . = ALIGN (0x2)
                0x00000106                __trampolines_start = .
 *(.trampolines)
 .trampolines   0x00000106        0x0 linker stubs
 *(.trampolines*)
                0x00000106                __trampolines_end = .
 *libprintf_flt.a:*(.progmem.data)
 *libc.a:*(.progmem.data)
 .progmem.data  0x00000106        0xc f:/logiciels/atmelstudio/7.0/toolchain/avr8/avr8-gnu-toolchain/bin/../lib/gcc/avr/5.4.0/../../../../avr/lib/avr5\libc.a(vfscanf_std.o)
 *(.progmem*)
                0x00000112                . = ALIGN (0x2)
 *(.jumptables)
 *(.jumptables*)
 *(.lowtext)
 *(.lowtext*)
                0x00000112                __ctors_start = .
 *(.ctors)
                0x00000112                __ctors_end = .
                0x00000112                __dtors_start = .
 *(.dtors)
                0x00000112                __dtors_end = .
 SORT(*)(.ctors)
 SORT(*)(.dtors)
 *(.init0)
 .init0         0x00000112        0x0 F:/Logiciels/AtmelStudio/7.0/Packs/atmel/ATmega_DFP/1.6.364/gcc/dev/atmega324a/avr5/crtatmega324a.o
                0x00000112                __init
 *(.init0)
 *(.init1)
 *(.init1)
 *(.init2)
 .init2         0x00000112        0xc F:/Logiciels/AtmelStudio/7.0/Packs/atmel/ATmega_DFP/1.6.364/gcc/dev/atmega324a/avr5/crtatmega324a.o
 *(.init2)
 *(.init3)
 *(.init3)
 *(.init4)
 .init4         0x0000011e       0x16 f:/logiciels/atmelstudio/7.0/toolchain/avr8/avr8-gnu-toolchain/bin/../lib/gcc/avr/5.4.0/avr5\libgcc.a(_copy_data.o)
                0x0000011e                __do_copy_data
 .init4         0x00000134       0x10 f:/logiciels/atmelstudio/7.0/toolchain/avr8/avr8-gnu-toolchain/bin/../lib/gcc/avr/5.4.0/avr5\libgcc.a(_clear_bss.o)
                0x00000134                __do_clear_bss
 *(.init4)
 *(.init5)
 *(.init5)
 *(.init6)
 *(.init6)
 *(.init7)
 *(.init7)
 *(.init8)
 *(.init8)
 *(.init9)
 .init9         0x00000144        0x8 F:/Logiciels/AtmelStudio/7.0/Packs/atmel/ATmega_DFP/1.6.364/gcc/dev/atmega324a/avr5/crtatmega324a.o
 *(.init9)
 *(.text)
 .text          0x0000014c        0x4 F:/Logiciels/AtmelStudio/7.0/Packs/atmel/ATmega_DFP/1.6.364/gcc/dev/atmega324a/avr5/crtatmega324a.o
                0x0000014c                __vector_22
                0x0000014c                __vector_1
                0x0000014c                __vector_24
                0x0000014c                __vector_12
                0x0000014c                __bad_interrupt
                0x0000014c                __vector_6
                0x0000014c                __vector_3
                0x0000014c                __vector_23
                0x0000014c                __vector_30
                0x0000014c                __vector_25
                0x0000014c                __vector_11
                0x0000014c                __vector_13
                0x0000014c                __vector_17
                0x0000014c                __vector_19
                0x0000014c                __vector_7
                0x0000014c                __vector_27
                0x0000014c                __vector_5
                0x0000014c                __vector_4
                0x0000014c                __vector_9
                0x0000014c                __vector_2
                0x0000014c                __vector_15
                0x0000014c                __vector_8
                0x0000014c                __vector_26
                0x0000014c                __vector_14
                0x0000014c                __vector_10
                0x0000014c                __vector_16
                0x0000014c                __vector_18
                0x00000150                . = ALIGN (0x2)
 *(.text.*)
 .text.pwm0_init
                0x00000150       0x46 driver.o
                0x00000150                pwm0_init
 .text.pwm0_set_PB3
                0x00000196        0x4 driver.o
                0x00000196                pwm0_set_PB3
 .text.pwm0_set_PB4
                0x0000019a        0x4 driver.o
                0x0000019a                pwm0_set_PB4
 .text.pwm1_init
                0x0000019e       0x6a driver.o
                0x0000019e                pwm1_init
 .text.pwm1_set_PD5
                0x00000208        0xa driver.o
                0x00000208                pwm1_set_PD5
 .text.pwm2_init
                0x00000212       0x50 driver.o
                0x00000212                pwm2_init
 .text.pwm2_set_PD7
                0x00000262        0x6 driver.o
                0x00000262                pwm2_set_PD7
 .text.pwm2_set_PD6
                0x00000268        0x6 driver.o
                0x00000268                pwm2_set_PD6
 .text.fifo_init
                0x0000026e       0x16 fifo.o
                0x0000026e                fifo_init
 .text.fifo_push
                0x00000284       0x48 fifo.o
                0x00000284                fifo_push
 .text.fifo_pop
                0x000002cc       0x4c fifo.o
                0x000002cc                fifo_pop
 .text.fifo_is_empty
                0x00000318        0x6 fifo.o
                0x00000318                fifo_is_empty
 .text.clock_data
                0x0000031e       0x20 lcd.o
 .text.hd44780_clear_display
                0x0000033e       0x20 lcd.o
                0x0000033e                hd44780_clear_display
 .text.hd44780_set_entry_mode
                0x0000035e       0x1e lcd.o
                0x0000035e                hd44780_set_entry_mode
 .text.hd44780_set_display_control
                0x0000037c       0x2a lcd.o
                0x0000037c                hd44780_set_display_control
 .text.hd44780_init
                0x000003a6       0xa6 lcd.o
                0x000003a6                hd44780_init
 .text.hd44780_set_cursor_position
                0x0000044c       0x20 lcd.o
                0x0000044c                hd44780_set_cursor_position
 .text.hd44780_write_char
                0x0000046c       0x64 lcd.o
                0x0000046c                hd44780_write_char
 .text.lcd_init
                0x000004d0       0x14 lcd.o
                0x000004d0                lcd_init
 .text.lcd_clear_display
                0x000004e4        0xa lcd.o
                0x000004e4                lcd_clear_display
 .text.lcd_set_cursor_position
                0x000004ee       0x28 lcd.o
                0x000004ee                lcd_set_cursor_position
 .text.index_to_col
                0x00000516        0x4 lcd.o
                0x00000516                index_to_col
 .text.index_to_row
                0x0000051a        0x6 lcd.o
                0x0000051a                index_to_row
 .text.shift_local_index
                0x00000520       0x56 lcd.o
                0x00000520                shift_local_index
 .text.lcd_shift_cursor
                0x00000576       0xce lcd.o
                0x00000576                lcd_shift_cursor
 .text.lcd_write_char
                0x00000644       0x62 lcd.o
                0x00000644                lcd_write_char
 .text.lcd_write_string
                0x000006a6       0x26 lcd.o
                0x000006a6                lcd_write_string
 .text.main     0x000006cc      0x174 main.o
                0x000006cc                main
 .text.disable_UDRE_interupt
                0x00000840       0x22 uart.o
 .text.enable_RX_interupt
                0x00000862       0x22 uart.o
 .text.disable_RX_interupt
                0x00000884       0x22 uart.o
 .text.__vector_21
                0x000008a6       0x62 uart.o
                0x000008a6                __vector_21
 .text.__vector_20
                0x00000908       0x50 uart.o
                0x00000908                __vector_20
 .text.__vector_29
                0x00000958       0x62 uart.o
                0x00000958                __vector_29
 .text.__vector_28
                0x000009ba       0x50 uart.o
                0x000009ba                __vector_28
 .text.uart_set_baudrate
                0x00000a0a       0x3e uart.o
                0x00000a0a                uart_set_baudrate
 .text.uart_init
                0x00000a48       0x74 uart.o
                0x00000a48                uart_init
 .text.uart_get_byte
                0x00000abc       0x2e uart.o
                0x00000abc                uart_get_byte
 .text.uart_is_rx_buffer_empty
                0x00000aea       0x16 uart.o
                0x00000aea                uart_is_rx_buffer_empty
 .text.uart_get_string
                0x00000b00       0x6a uart.o
                0x00000b00                uart_get_string
 .text.string_copy
                0x00000b6a       0x2a utils.o
                0x00000b6a                string_copy
 .text.setPuissanceMoteurRoue
                0x00000b94       0x12 vehicule.o
                0x00000b94                setPuissanceMoteurRoue
 .text.setRotation
                0x00000ba6       0x38 vehicule.o
                0x00000ba6                setRotation
 .text.setPuissance_gauche
                0x00000bde       0xf8 vehicule.o
                0x00000bde                setPuissance_gauche
 .text.setPuissance_droite
                0x00000cd6       0xf8 vehicule.o
                0x00000cd6                setPuissance_droite
 .text.setPuissance_tourner
                0x00000dce       0x1c vehicule.o
                0x00000dce                setPuissance_tourner
 .text.setDeplacement
                0x00000dea       0x32 vehicule.o
                0x00000dea                setDeplacement
 .text.display_heartbeat
                0x00000e1c       0x24 vehicule.o
                0x00000e1c                display_heartbeat
 .text.driverMoteurElevation
                0x00000e40       0x3a vehicule.o
                0x00000e40                driverMoteurElevation
 .text.driverMoteurRoueInertie
                0x00000e7a       0x62 vehicule.o
                0x00000e7a                driverMoteurRoueInertie
 .text.driverLanceur
                0x00000edc       0x14 vehicule.o
                0x00000edc                driverLanceur
 .text.avr-libc.fplib
                0x00000ef0        0xe f:/logiciels/atmelstudio/7.0/toolchain/avr8/avr8-gnu-toolchain/bin/../lib/gcc/avr/5.4.0/../../../../avr/lib/avr5\libm.a(addsf3.o)
                0x00000ef0                __subsf3
                0x00000ef2                __addsf3
 .text.avr-libc.fplib
                0x00000efe       0xcc f:/logiciels/atmelstudio/7.0/toolchain/avr8/avr8-gnu-toolchain/bin/../lib/gcc/avr/5.4.0/../../../../avr/lib/avr5\libm.a(addsf3x.o)
                0x00000f20                __addsf3x
 .text.avr-libc.fplib
                0x00000fca        0xe f:/logiciels/atmelstudio/7.0/toolchain/avr8/avr8-gnu-toolchain/bin/../lib/gcc/avr/5.4.0/../../../../avr/lib/avr5\libm.a(fixsfsi.o)
                0x00000fca                __fixsfsi
 .text.avr-libc.fplib
                0x00000fd8       0x5e f:/logiciels/atmelstudio/7.0/toolchain/avr8/avr8-gnu-toolchain/bin/../lib/gcc/avr/5.4.0/../../../../avr/lib/avr5\libm.a(fixunssfsi.o)
                0x00000fd8                __fixunssfsi
 .text.avr-libc.fplib
                0x00001036       0x7a f:/logiciels/atmelstudio/7.0/toolchain/avr8/avr8-gnu-toolchain/bin/../lib/gcc/avr/5.4.0/../../../../avr/lib/avr5\libm.a(floatsisf.o)
                0x00001036                __floatunsisf
                0x0000103a                __floatsisf
 .text.avr-libc.fplib
                0x000010b0        0xc f:/logiciels/atmelstudio/7.0/toolchain/avr8/avr8-gnu-toolchain/bin/../lib/gcc/avr/5.4.0/../../../../avr/lib/avr5\libm.a(fp_inf.o)
                0x000010b0                __fp_inf
 .text.avr-libc.fplib
                0x000010bc        0x6 f:/logiciels/atmelstudio/7.0/toolchain/avr8/avr8-gnu-toolchain/bin/../lib/gcc/avr/5.4.0/../../../../avr/lib/avr5\libm.a(fp_nan.o)
                0x000010bc                __fp_nan
 .text.avr-libc.fplib
                0x000010c2        0xe f:/logiciels/atmelstudio/7.0/toolchain/avr8/avr8-gnu-toolchain/bin/../lib/gcc/avr/5.4.0/../../../../avr/lib/avr5\libm.a(fp_pscA.o)
                0x000010c2                __fp_pscA
 .text.avr-libc.fplib
                0x000010d0        0xe f:/logiciels/atmelstudio/7.0/toolchain/avr8/avr8-gnu-toolchain/bin/../lib/gcc/avr/5.4.0/../../../../avr/lib/avr5\libm.a(fp_pscB.o)
                0x000010d0                __fp_pscB
 .text.avr-libc.fplib
                0x000010de       0x22 f:/logiciels/atmelstudio/7.0/toolchain/avr8/avr8-gnu-toolchain/bin/../lib/gcc/avr/5.4.0/../../../../avr/lib/avr5\libm.a(fp_round.o)
                0x000010de                __fp_round
 .text.avr-libc.fplib
                0x00001100       0x44 f:/logiciels/atmelstudio/7.0/toolchain/avr8/avr8-gnu-toolchain/bin/../lib/gcc/avr/5.4.0/../../../../avr/lib/avr5\libm.a(fp_split3.o)
                0x00001100                __fp_split3
                0x00001110                __fp_splitA
 .text.avr-libc.fplib
                0x00001144        0xe f:/logiciels/atmelstudio/7.0/toolchain/avr8/avr8-gnu-toolchain/bin/../lib/gcc/avr/5.4.0/../../../../avr/lib/avr5\libm.a(fp_zero.o)
                0x00001144                __fp_zero
                0x00001146                __fp_szero
 .text.avr-libc.fplib
                0x00001152        0x8 f:/logiciels/atmelstudio/7.0/toolchain/avr8/avr8-gnu-toolchain/bin/../lib/gcc/avr/5.4.0/../../../../avr/lib/avr5\libm.a(mulsf3.o)
                0x00001152                __mulsf3
 .text.avr-libc.fplib
                0x0000115a       0xd2 f:/logiciels/atmelstudio/7.0/toolchain/avr8/avr8-gnu-toolchain/bin/../lib/gcc/avr/5.4.0/../../../../avr/lib/avr5\libm.a(mulsf3x.o)
                0x00001178                __mulsf3x
                0x0000117e                __mulsf3_pse
 .text.libgcc   0x0000122c        0xc f:/logiciels/atmelstudio/7.0/toolchain/avr8/avr8-gnu-toolchain/bin/../lib/gcc/avr/5.4.0/avr5\libgcc.a(_tablejump2.o)
                0x0000122c                __tablejump2__
 .text.avr-libc
                0x00001238       0x44 f:/logiciels/atmelstudio/7.0/toolchain/avr8/avr8-gnu-toolchain/bin/../lib/gcc/avr/5.4.0/../../../../avr/lib/avr5\libc.a(sprintf.o)
                0x00001238                sprintf
 .text.avr-libc
                0x0000127c       0x32 f:/logiciels/atmelstudio/7.0/toolchain/avr8/avr8-gnu-toolchain/bin/../lib/gcc/avr/5.4.0/../../../../avr/lib/avr5\libc.a(sscanf.o)
                0x0000127c                sscanf
 .text.avr-libc
                0x000012ae      0x3c2 f:/logiciels/atmelstudio/7.0/toolchain/avr8/avr8-gnu-toolchain/bin/../lib/gcc/avr/5.4.0/../../../../avr/lib/avr5\libc.a(vfprintf_std.o)
                0x000012ae                vfprintf
 .text.avr-libc
                0x00001670      0x55a f:/logiciels/atmelstudio/7.0/toolchain/avr8/avr8-gnu-toolchain/bin/../lib/gcc/avr/5.4.0/../../../../avr/lib/avr5\libc.a(vfscanf_std.o)
                0x000019a8                vfscanf
 .text.avr-libc
                0x00001bca       0x12 f:/logiciels/atmelstudio/7.0/toolchain/avr8/avr8-gnu-toolchain/bin/../lib/gcc/avr/5.4.0/../../../../avr/lib/avr5\libc.a(isspace.o)
                0x00001bca                isspace
 .text.avr-libc
                0x00001bdc       0x16 f:/logiciels/atmelstudio/7.0/toolchain/avr8/avr8-gnu-toolchain/bin/../lib/gcc/avr/5.4.0/../../../../avr/lib/avr5\libc.a(strchr_P.o)
                0x00001bdc                strchr_P
 .text.avr-libc
                0x00001bf2       0x16 f:/logiciels/atmelstudio/7.0/toolchain/avr8/avr8-gnu-toolchain/bin/../lib/gcc/avr/5.4.0/../../../../avr/lib/avr5\libc.a(strnlen_P.o)
                0x00001bf2                strnlen_P
 .text.avr-libc
                0x00001c08       0x16 f:/logiciels/atmelstudio/7.0/toolchain/avr8/avr8-gnu-toolchain/bin/../lib/gcc/avr/5.4.0/../../../../avr/lib/avr5\libc.a(strnlen.o)
                0x00001c08                strnlen
 .text.avr-libc
                0x00001c1e       0x7c f:/logiciels/atmelstudio/7.0/toolchain/avr8/avr8-gnu-toolchain/bin/../lib/gcc/avr/5.4.0/../../../../avr/lib/avr5\libc.a(fgetc.o)
                0x00001c1e                fgetc
 .text.avr-libc
                0x00001c9a       0x78 f:/logiciels/atmelstudio/7.0/toolchain/avr8/avr8-gnu-toolchain/bin/../lib/gcc/avr/5.4.0/../../../../avr/lib/avr5\libc.a(fputc.o)
                0x00001c9a                fputc
 .text.avr-libc
                0x00001d12       0x32 f:/logiciels/atmelstudio/7.0/toolchain/avr8/avr8-gnu-toolchain/bin/../lib/gcc/avr/5.4.0/../../../../avr/lib/avr5\libc.a(ungetc.o)
                0x00001d12                ungetc
 .text.avr-libc
                0x00001d44       0xbc f:/logiciels/atmelstudio/7.0/toolchain/avr8/avr8-gnu-toolchain/bin/../lib/gcc/avr/5.4.0/../../../../avr/lib/avr5\libc.a(ultoa_invert.o)
                0x00001d44                __ultoa_invert
 .text.avr-libc
                0x00001e00        0x6 f:/logiciels/atmelstudio/7.0/toolchain/avr8/avr8-gnu-toolchain/bin/../lib/gcc/avr/5.4.0/../../../../avr/lib/avr5\libc.a(cty_isfalse.o)
                0x00001e00                __ctype_isfalse
                0x00001e04                __ctype_istrue
 .text.libgcc.prologue
                0x00001e06       0x38 f:/logiciels/atmelstudio/7.0/toolchain/avr8/avr8-gnu-toolchain/bin/../lib/gcc/avr/5.4.0/avr5\libgcc.a(_prologue.o)
                0x00001e06                __prologue_saves__
 .text.libgcc.prologue
                0x00001e3e       0x36 f:/logiciels/atmelstudio/7.0/toolchain/avr8/avr8-gnu-toolchain/bin/../lib/gcc/avr/5.4.0/avr5\libgcc.a(_epilogue.o)
                0x00001e3e                __epilogue_restores__
                0x00001e74                . = ALIGN (0x2)
 *(.fini9)
 .fini9         0x00001e74        0x0 f:/logiciels/atmelstudio/7.0/toolchain/avr8/avr8-gnu-toolchain/bin/../lib/gcc/avr/5.4.0/avr5\libgcc.a(_exit.o)
                0x00001e74                _exit
                0x00001e74                exit
 *(.fini9)
 *(.fini8)
 *(.fini8)
 *(.fini7)
 *(.fini7)
 *(.fini6)
 *(.fini6)
 *(.fini5)
 *(.fini5)
 *(.fini4)
 *(.fini4)
 *(.fini3)
 *(.fini3)
 *(.fini2)
 *(.fini2)
 *(.fini1)
 *(.fini1)
 *(.fini0)
 .fini0         0x00001e74        0x4 f:/logiciels/atmelstudio/7.0/toolchain/avr8/avr8-gnu-toolchain/bin/../lib/gcc/avr/5.4.0/avr5\libgcc.a(_exit.o)
 *(.fini0)
                0x00001e78                _etext = .

.data           0x00800100       0x40 load address 0x00001e78
                0x00800100                PROVIDE (__data_start, .)
 *(.data)
 *(.data*)
 .data.heartbeat.2170
                0x00800100        0x1 vehicule.o
 *(.gnu.linkonce.d*)
 *(.rodata)
 *(.rodata*)
 .rodata.str1.1
                0x00800101       0x1c main.o
 .rodata.str1.1
                0x0080011d        0x7 uart.o
 .rodata.rx_fifo_list
                0x00800124        0x4 uart.o
 .rodata.baudrate_to_UBRR
                0x00800128       0x12 uart.o
 .rodata.str1.1
                0x0080013a        0x5 vehicule.o
 *(.gnu.linkonce.r*)
                0x00800140                . = ALIGN (0x2)
 *fill*         0x0080013f        0x1 
                0x00800140                _edata = .
                0x00800140                PROVIDE (__data_end, .)

.bss            0x00800140      0x172
                0x00800140                PROVIDE (__bss_start, .)
 *(.bss)
 *(.bss*)
 .bss.clear_required_flag
                0x00800140        0x1 lcd.o
 .bss.local_index
                0x00800141        0x1 lcd.o
 .bss.tx_fifo_1
                0x00800142        0x8 uart.o
 .bss.rx_fifo_1
                0x0080014a        0x8 uart.o
 .bss.tx_fifo_0
                0x00800152        0x8 uart.o
 .bss.rx_fifo_0
                0x0080015a        0x8 uart.o
 .bss.tx_buffer_1
                0x00800162       0x10 uart.o
 .bss.rx_buffer_1
                0x00800172       0x10 uart.o
 .bss.tx_buffer_0
                0x00800182       0x96 uart.o
 .bss.rx_buffer_0
                0x00800218       0x96 uart.o
 .bss.clock     0x008002ae        0x2 vehicule.o
 .bss.clock2    0x008002b0        0x2 vehicule.o
 *(COMMON)
                0x008002b2                PROVIDE (__bss_end, .)
                0x00001e78                __data_load_start = LOADADDR (.data)
                0x00001eb8                __data_load_end = (__data_load_start + SIZEOF (.data))

.noinit         0x008002b2        0x0
                [!provide]                PROVIDE (__noinit_start, .)
 *(.noinit*)
                [!provide]                PROVIDE (__noinit_end, .)
                0x008002b2                _end = .
                [!provide]                PROVIDE (__heap_start, .)

.eeprom         0x00810000        0x0
 *(.eeprom*)
                0x00810000                __eeprom_end = .

.fuse
 *(.fuse)
 *(.lfuse)
 *(.hfuse)
 *(.efuse)

.lock
 *(.lock*)

.signature
 *(.signature*)

.user_signatures
 *(.user_signatures*)

.stab
 *(.stab)

.stabstr
 *(.stabstr)

.stab.excl
 *(.stab.excl)

.stab.exclstr
 *(.stab.exclstr)

.stab.index
 *(.stab.index)

.stab.indexstr
 *(.stab.indexstr)

.comment        0x00000000       0x5c
 *(.comment)
 .comment       0x00000000       0x30 driver.o
                                 0x31 (size before relaxing)
 .comment       0x00000030       0x31 fifo.o
 .comment       0x00000030       0x31 lcd.o
 .comment       0x00000030       0x31 main.o
 .comment       0x00000030       0x31 uart.o
 .comment       0x00000030       0x31 utils.o
 .comment       0x00000030       0x31 vehicule.o
 .comment       0x00000030       0x31 f:/logiciels/atmelstudio/7.0/toolchain/avr8/avr8-gnu-toolchain/bin/../lib/gcc/avr/5.4.0/../../../../avr/lib/avr5\libc.a(sprintf.o)
 .comment       0x00000030       0x31 f:/logiciels/atmelstudio/7.0/toolchain/avr8/avr8-gnu-toolchain/bin/../lib/gcc/avr/5.4.0/../../../../avr/lib/avr5\libc.a(sscanf.o)
 .comment       0x00000030       0x2c f:/logiciels/atmelstudio/7.0/toolchain/avr8/avr8-gnu-toolchain/bin/../lib/gcc/avr/5.4.0/../../../../avr/lib/avr5\libc.a(vfprintf_std.o)
                                 0x2d (size before relaxing)
 .comment       0x0000005c       0x2d f:/logiciels/atmelstudio/7.0/toolchain/avr8/avr8-gnu-toolchain/bin/../lib/gcc/avr/5.4.0/../../../../avr/lib/avr5\libc.a(vfscanf_std.o)
 .comment       0x0000005c       0x31 f:/logiciels/atmelstudio/7.0/toolchain/avr8/avr8-gnu-toolchain/bin/../lib/gcc/avr/5.4.0/../../../../avr/lib/avr5\libc.a(fgetc.o)
 .comment       0x0000005c       0x31 f:/logiciels/atmelstudio/7.0/toolchain/avr8/avr8-gnu-toolchain/bin/../lib/gcc/avr/5.4.0/../../../../avr/lib/avr5\libc.a(fputc.o)
 .comment       0x0000005c       0x31 f:/logiciels/atmelstudio/7.0/toolchain/avr8/avr8-gnu-toolchain/bin/../lib/gcc/avr/5.4.0/../../../../avr/lib/avr5\libc.a(ungetc.o)

.note.gnu.avr.deviceinfo
                0x00000000       0x40
 .note.gnu.avr.deviceinfo
                0x00000000       0x40 F:/Logiciels/AtmelStudio/7.0/Packs/atmel/ATmega_DFP/1.6.364/gcc/dev/atmega324a/avr5/crtatmega324a.o

.note.gnu.build-id
 *(.note.gnu.build-id)

.debug
 *(.debug)

.line
 *(.line)

.debug_srcinfo
 *(.debug_srcinfo)

.debug_sfnames
 *(.debug_sfnames)

.debug_aranges  0x00000000      0x360
 *(.debug_aranges)
 .debug_aranges
                0x00000000       0x70 driver.o
 .debug_aranges
                0x00000070       0x50 fifo.o
 .debug_aranges
                0x000000c0       0xa0 lcd.o
 .debug_aranges
                0x00000160       0x20 main.o
 .debug_aranges
                0x00000180       0xb8 uart.o
 .debug_aranges
                0x00000238       0xb8 utils.o
 .debug_aranges
                0x000002f0       0x70 vehicule.o

.debug_pubnames
 *(.debug_pubnames)

.debug_info     0x00000000     0x3288
 *(.debug_info .gnu.linkonce.wi.*)
 .debug_info    0x00000000      0x6cc F:/Logiciels/AtmelStudio/7.0/Packs/atmel/ATmega_DFP/1.6.364/gcc/dev/atmega324a/avr5/crtatmega324a.o
 .debug_info    0x000006cc      0x217 driver.o
 .debug_info    0x000008e3      0x280 fifo.o
 .debug_info    0x00000b63      0x955 lcd.o
 .debug_info    0x000014b8      0x3ee main.o
 .debug_info    0x000018a6      0xadf uart.o
 .debug_info    0x00002385      0x8a1 utils.o
 .debug_info    0x00002c26      0x662 vehicule.o

.debug_abbrev   0x00000000     0x11a9
 *(.debug_abbrev)
 .debug_abbrev  0x00000000      0x66e F:/Logiciels/AtmelStudio/7.0/Packs/atmel/ATmega_DFP/1.6.364/gcc/dev/atmega324a/avr5/crtatmega324a.o
 .debug_abbrev  0x0000066e       0xdb driver.o
 .debug_abbrev  0x00000749      0x102 fifo.o
 .debug_abbrev  0x0000084b      0x28d lcd.o
 .debug_abbrev  0x00000ad8      0x150 main.o
 .debug_abbrev  0x00000c28      0x26b uart.o
 .debug_abbrev  0x00000e93      0x191 utils.o
 .debug_abbrev  0x00001024      0x185 vehicule.o

.debug_line     0x00000000     0x1b03
 *(.debug_line .debug_line.* .debug_line_end)
 .debug_line    0x00000000      0x152 F:/Logiciels/AtmelStudio/7.0/Packs/atmel/ATmega_DFP/1.6.364/gcc/dev/atmega324a/avr5/crtatmega324a.o
 .debug_line    0x00000152      0x2c2 driver.o
 .debug_line    0x00000414      0x1e8 fifo.o
 .debug_line    0x000005fc      0x5db lcd.o
 .debug_line    0x00000bd7      0x201 main.o
 .debug_line    0x00000dd8      0x4e7 uart.o
 .debug_line    0x000012bf      0x530 utils.o
 .debug_line    0x000017ef      0x314 vehicule.o

.debug_frame    0x00000000      0xa80
 *(.debug_frame)
 .debug_frame   0x00000000       0xc4 driver.o
 .debug_frame   0x000000c4       0x84 fifo.o
 .debug_frame   0x00000148      0x174 lcd.o
 .debug_frame   0x000002bc       0x34 main.o
 .debug_frame   0x000002f0      0x310 uart.o
 .debug_frame   0x00000600      0x314 utils.o
 .debug_frame   0x00000914      0x16c vehicule.o

.debug_str      0x00000000      0xe15
 *(.debug_str)
 .debug_str     0x00000000      0x255 F:/Logiciels/AtmelStudio/7.0/Packs/atmel/ATmega_DFP/1.6.364/gcc/dev/atmega324a/avr5/crtatmega324a.o
 .debug_str     0x00000255      0x200 driver.o
                                0x234 (size before relaxing)
 .debug_str     0x00000455       0xaa fifo.o
                                0x256 (size before relaxing)
 .debug_str     0x000004ff      0x2d6 lcd.o
                                0x4a6 (size before relaxing)
 .debug_str     0x000007d5       0xed main.o
                                0x33f (size before relaxing)
 .debug_str     0x000008c2      0x2a1 uart.o
                                0x540 (size before relaxing)
 .debug_str     0x00000b63      0x181 utils.o
                                0x3c0 (size before relaxing)
 .debug_str     0x00000ce4      0x131 vehicule.o
                                0x3b6 (size before relaxing)

.debug_loc      0x00000000     0x2d49
 *(.debug_loc)
 .debug_loc     0x00000000       0x73 driver.o
 .debug_loc     0x00000073      0x136 fifo.o
 .debug_loc     0x000001a9      0x967 lcd.o
 .debug_loc     0x00000b10       0x90 main.o
 .debug_loc     0x00000ba0      0xab0 uart.o
 .debug_loc     0x00001650     0x1000 utils.o
 .debug_loc     0x00002650      0x6f9 vehicule.o

.debug_macinfo
 *(.debug_macinfo)

.debug_weaknames
 *(.debug_weaknames)

.debug_funcnames
 *(.debug_funcnames)

.debug_typenames
 *(.debug_typenames)

.debug_varnames
 *(.debug_varnames)

.debug_pubtypes
 *(.debug_pubtypes)

.debug_ranges   0x00000000      0x308
 *(.debug_ranges)
 .debug_ranges  0x00000000       0x60 driver.o
 .debug_ranges  0x00000060       0x40 fifo.o
 .debug_ranges  0x000000a0       0x90 lcd.o
 .debug_ranges  0x00000130       0x10 main.o
 .debug_ranges  0x00000140       0xc0 uart.o
 .debug_ranges  0x00000200       0xa8 utils.o
 .debug_ranges  0x000002a8       0x60 vehicule.o

.debug_macro
 *(.debug_macro)
OUTPUT(Projet_Multi_4X4.elf elf32-avr)
LOAD linker stubs
